// Jest Snapshot v1, https://goo.gl/fbAQLP

exports[`Footer Component renders correctly and matches snapshot 1`] = `
<DocumentFragment>
  <footer
    class="footer"
    style="width: 100%; max-width: 1440px; border-top: 1px solid #D9D9D9;"
  >
    <div
      style="padding: 48px 206px 48px 100px; display: flex;"
    >
      <div
        style="display: flex; flex-direction: column; margin-right: 136px;"
      >
        <span
          class="rt-Text heading"
          style="font-size: 24px; font-weight: 700;"
        >
          Funiro.
        </span>
        <span
          class="rt-Text address"
          style="width: 285px; font-size: 16px; font-weight: 400; color: rgb(159, 159, 159); margin-top: 50px;"
        >
          400 University Drive Suite 200 Coral Gables,
          <div>
            FL 33134 USA 
          </div>
        </span>
      </div>
      <div
        style="font-size: 16px; font-weight: 500; display: flex; flex-direction: column; margin-right: 144px; gap: 46px;"
      >
        <span
          class="rt-Text address"
          style="color: rgb(159, 159, 159);"
        >
          Links
        </span>
        <p
          class="link"
        >
          Home
        </p>
        <p
          class="link"
        >
          Shop
        </p>
        <p
          class="link"
        >
          About
        </p>
        <p
          class="link"
        >
          Contact
        </p>
      </div>
      <div
        style="font-size: 16px; font-weight: 500; display: flex; flex-direction: column; margin-right: 72px; gap: 46px;"
      >
        <span
          class="rt-Text address"
          style="color: rgb(159, 159, 159); width: 140px;"
        >
          Help
        </span>
        <p
          class="link"
        >
          Payment Options
        </p>
        <p
          class="link"
        >
          Returns
        </p>
        <p
          class="link"
        >
          Privacy Policies
        </p>
      </div>
      <div
        style="font-size: 16px; font-weight: 500; display: flex; flex-direction: column; gap: 46px; max-width: 286px; width: 100%;"
      >
        <span
          class="rt-Text address"
          style="color: rgb(159, 159, 159);"
        >
          Newsletter
        </span>
        <form
          class="form"
        >
          <input
            class="input"
            placeholder="Enter your email address"
            type="email"
          />
          <button
            style="padding: 1px; font-size: 16px; font-weight: 500; text-align: center; width: auto; cursor: not-allowed; transition: all 0.3s ease; background-color: transparent; color: rgb(58, 58, 58);"
          >
            Subscribe
          </button>
        </form>
      </div>
    </div>
    <div
      class="copyright"
      style="padding-top: 20px; padding-bottom: 40px; border-top: 1px solid #D9D9D9; max-width: 1240px; width: 100%; margin: 0px auto;"
    >
      2023 Funiro. All rights reserved.
    </div>
  </footer>
</DocumentFragment>
`;
