// Jest Snapshot v1, https://goo.gl/fbAQLP

exports[`Slider component matches snapshot 1`] = `
<DocumentFragment>
  <section
    style="width: 100%; height: auto; background: rgb(255, 243, 227); padding: 50px 0px; position: relative; margin-top: 150px; margin-bottom: 67px;"
  >
    <div
      style="display: flex; align-items: center; justify-content: space-between; width: 1240px; margin: 0px auto;"
    >
      <aside
        style="max-width: 500px;"
      >
        <h2
          style="font-size: 40px; font-weight: 700; color: rgb(58, 58, 58); margin-bottom: 10px;"
        >
          50+ Beautiful rooms inspiration
        </h2>
        <p
          style="font-size: 16px; font-weight: 500; color: rgb(102, 102, 102); margin-bottom: 25px; width: 368px;"
        >
          Our designer already made a lot of beautiful prototype rooms that inspire you.
        </p>
        <button
          style="padding: 12px 36px; font-size: 16px; font-weight: 600; text-align: center; width: auto; height: auto; cursor: pointer; transition: all 0.3s ease; background-color: rgb(184, 142, 47); color: rgb(255, 255, 255);"
        >
          Explore More
        </button>
      </aside>
      <aside
        style="position: relative; width: 650px; overflow: hidden;"
      >
        <div
          style="display: flex; transition: transform 0.5s ease-in-out; transform: translateX(-0%);"
        >
          <div
            style="min-width: 70%; position: relative; display: flex;"
          >
            <img
              alt="slide-0"
              data-nimg="1"
              decoding="async"
              height="40"
              loading="lazy"
              src="/_next/image?url=%2Fimg.jpg&w=96&q=75"
              srcset="/_next/image?url=%2Fimg.jpg&w=48&q=75 1x, /_next/image?url=%2Fimg.jpg&w=96&q=75 2x"
              style="color: transparent; width: 400px; height: 582px; transition: opacity 0.5s ease-in-out;"
              width="40"
            />
            <div
              style="position: absolute; bottom: 30px; left: 24px; background: rgba(255, 255, 255, 0.722); padding: 30px 17px 32px 32px;"
            >
              <p
                style="font-size: 16px; font-weight: 500; color: rgb(102, 102, 102);"
              >
                01 - Living Room
              </p>
              <p
                style="font-size: 28px; font-weight: 600; color: rgb(58, 58, 58);"
              >
                Inner Peace
              </p>
              <img
                alt="CTA"
                data-nimg="1"
                decoding="async"
                height="40"
                loading="lazy"
                src="/_next/image?url=%2Fimg.jpg&w=96&q=75"
                srcset="/_next/image?url=%2Fimg.jpg&w=48&q=75 1x, /_next/image?url=%2Fimg.jpg&w=96&q=75 2x"
                style="color: transparent; right: -48px; position: absolute; bottom: 0px;"
                width="40"
              />
            </div>
          </div>
          <div
            style="min-width: 70%; position: relative; display: flex;"
          >
            <img
              alt="slide-1"
              data-nimg="1"
              decoding="async"
              height="40"
              loading="lazy"
              src="/_next/image?url=%2Fimg.jpg&w=96&q=75"
              srcset="/_next/image?url=%2Fimg.jpg&w=48&q=75 1x, /_next/image?url=%2Fimg.jpg&w=96&q=75 2x"
              style="color: transparent; width: 400px; height: 582px; transition: opacity 0.5s ease-in-out;"
              width="40"
            />
            <div
              style="position: absolute; bottom: 30px; left: 24px; background: rgba(255, 255, 255, 0.722); padding: 30px 17px 32px 32px;"
            >
              <p
                style="font-size: 16px; font-weight: 500; color: rgb(102, 102, 102);"
              >
                02 - Bed Room
              </p>
              <p
                style="font-size: 28px; font-weight: 600; color: rgb(58, 58, 58);"
              >
                Inner Peace
              </p>
              <img
                alt="CTA"
                data-nimg="1"
                decoding="async"
                height="40"
                loading="lazy"
                src="/_next/image?url=%2Fimg.jpg&w=96&q=75"
                srcset="/_next/image?url=%2Fimg.jpg&w=48&q=75 1x, /_next/image?url=%2Fimg.jpg&w=96&q=75 2x"
                style="color: transparent; right: -48px; position: absolute; bottom: 0px;"
                width="40"
              />
            </div>
          </div>
          <div
            style="min-width: 70%; position: relative; display: flex;"
          >
            <img
              alt="slide-2"
              data-nimg="1"
              decoding="async"
              height="40"
              loading="lazy"
              src="/_next/image?url=%2Fimg.jpg&w=96&q=75"
              srcset="/_next/image?url=%2Fimg.jpg&w=48&q=75 1x, /_next/image?url=%2Fimg.jpg&w=96&q=75 2x"
              style="color: transparent; width: 400px; height: 582px; transition: opacity 0.5s ease-in-out;"
              width="40"
            />
            <div
              style="position: absolute; bottom: 30px; left: 24px; background: rgba(255, 255, 255, 0.722); padding: 30px 17px 32px 32px;"
            >
              <p
                style="font-size: 16px; font-weight: 500; color: rgb(102, 102, 102);"
              >
                03 - Dining Room
              </p>
              <p
                style="font-size: 28px; font-weight: 600; color: rgb(58, 58, 58);"
              >
                Inner Peace
              </p>
              <img
                alt="CTA"
                data-nimg="1"
                decoding="async"
                height="40"
                loading="lazy"
                src="/_next/image?url=%2Fimg.jpg&w=96&q=75"
                srcset="/_next/image?url=%2Fimg.jpg&w=48&q=75 1x, /_next/image?url=%2Fimg.jpg&w=96&q=75 2x"
                style="color: transparent; right: -48px; position: absolute; bottom: 0px;"
                width="40"
              />
            </div>
          </div>
          <div
            style="min-width: 70%; position: relative; display: flex;"
          >
            <img
              alt="slide-3"
              data-nimg="1"
              decoding="async"
              height="40"
              loading="lazy"
              src="/_next/image?url=%2Fimg.jpg&w=96&q=75"
              srcset="/_next/image?url=%2Fimg.jpg&w=48&q=75 1x, /_next/image?url=%2Fimg.jpg&w=96&q=75 2x"
              style="color: transparent; width: 400px; height: 582px; transition: opacity 0.5s ease-in-out;"
              width="40"
            />
            <div
              style="position: absolute; bottom: 30px; left: 24px; background: rgba(255, 255, 255, 0.722); padding: 30px 17px 32px 32px;"
            >
              <p
                style="font-size: 16px; font-weight: 500; color: rgb(102, 102, 102);"
              >
                04 - Office Room
              </p>
              <p
                style="font-size: 28px; font-weight: 600; color: rgb(58, 58, 58);"
              >
                Inner Peace
              </p>
              <img
                alt="CTA"
                data-nimg="1"
                decoding="async"
                height="40"
                loading="lazy"
                src="/_next/image?url=%2Fimg.jpg&w=96&q=75"
                srcset="/_next/image?url=%2Fimg.jpg&w=48&q=75 1x, /_next/image?url=%2Fimg.jpg&w=96&q=75 2x"
                style="color: transparent; right: -48px; position: absolute; bottom: 0px;"
                width="40"
              />
            </div>
          </div>
        </div>
        <img
          alt="arowSlider"
          data-nimg="1"
          decoding="async"
          height="40"
          loading="lazy"
          src="/_next/image?url=%2Fimg.jpg&w=96&q=75"
          srcset="/_next/image?url=%2Fimg.jpg&w=48&q=75 1x, /_next/image?url=%2Fimg.jpg&w=96&q=75 2x"
          style="color: transparent; position: absolute; top: 50%; right: 0px; transform: translateY(-50%); cursor: pointer; width: 60px; height: 60px;"
          width="40"
        />
        <div
          style="position: absolute; bottom: 10px; left: 50%; transform: translateX(-50%); display: flex; gap: 5px;"
        >
          <span
            style="width: 10px; height: 10px; border-radius: 50%; background: rgb(184, 142, 47); cursor: pointer;"
          />
          <span
            style="width: 10px; height: 10px; border-radius: 50%; background: white; cursor: pointer;"
          />
          <span
            style="width: 10px; height: 10px; border-radius: 50%; background: white; cursor: pointer;"
          />
          <span
            style="width: 10px; height: 10px; border-radius: 50%; background: white; cursor: pointer;"
          />
        </div>
      </aside>
    </div>
  </section>
</DocumentFragment>
`;
