// Jest Snapshot v1, https://goo.gl/fbAQLP

exports[`Button component matches snapshot 1`] = `
<DocumentFragment>
  <button
    style="padding: 12px 52px; font-size: 18px; font-weight: 600; text-align: center; width: auto; cursor: pointer; transition: all 0.3s ease; background-color: rgb(184, 142, 47); color: rgb(255, 255, 255);"
  >
    Click me
  </button>
</DocumentFragment>
`;
