// Jest Snapshot v1, https://goo.gl/fbAQLP

exports[`Slider component matches snapshot 1`] = `
<DocumentFragment>
  <section
    style="width: 100%; height: auto; background: rgb(255, 243, 227); display: flex; align-items: center; justify-content: space-between; padding: 50px 100px; position: relative;"
  >
    <aside
      style="max-width: 500px;"
    >
      <h2
        style="font-size: 40px; font-weight: 700; color: rgb(58, 58, 58); margin-bottom: 10px;"
      >
        50+ Beautiful rooms inspiration
      </h2>
      <p
        style="font-size: 16px; font-weight: 500; color: rgb(102, 102, 102); margin-bottom: 25px;"
      >
        Our designer already made a lot of beautiful prototype rooms that inspire you.
      </p>
      <button
        style="padding: 12px 36px; font-size: 16px; font-weight: 600; text-align: center; width: auto; cursor: pointer; transition: all 0.3s ease; background-color: rgb(184, 142, 47); color: rgb(255, 255, 255);"
      >
        Explore More
      </button>
    </aside>
    <aside
      style="position: relative; width: 400px;"
    >
      <img
        alt="slide-0"
        data-nimg="1"
        decoding="async"
        height="400"
        loading="lazy"
        src="/_next/image?url=%2Fimg.jpg&w=828&q=75"
        srcset="/_next/image?url=%2Fimg.jpg&w=640&q=75 1x, /_next/image?url=%2Fimg.jpg&w=828&q=75 2x"
        style="color: transparent; width: 100%; height: auto; transition: opacity 0.5s ease-in-out;"
        width="400"
      />
      <img
        alt="arowSlider"
        data-nimg="1"
        decoding="async"
        height="40"
        loading="lazy"
        src="/_next/image?url=%2Fimg.jpg&w=96&q=75"
        srcset="/_next/image?url=%2Fimg.jpg&w=48&q=75 1x, /_next/image?url=%2Fimg.jpg&w=96&q=75 2x"
        style="color: transparent; position: absolute; top: 50%; right: -35px; transform: translateY(-50%); cursor: pointer;"
        width="40"
      />
      <div
        style="position: absolute; bottom: 10px; left: 50%; transform: translateX(-50%); display: flex; gap: 5px;"
      >
        <span
          style="width: 10px; height: 10px; border-radius: 50%; background: rgb(184, 142, 47); cursor: pointer;"
        />
        <span
          style="width: 10px; height: 10px; border-radius: 50%; background: white; cursor: pointer;"
        />
        <span
          style="width: 10px; height: 10px; border-radius: 50%; background: white; cursor: pointer;"
        />
        <span
          style="width: 10px; height: 10px; border-radius: 50%; background: white; cursor: pointer;"
        />
      </div>
    </aside>
  </section>
</DocumentFragment>
`;
